[www.amzoneinternational.com/index.html]
[backblue.gif]
[fade.gif]
[index.html]
[amzoneinternational.com/php/assets/ico/favicon.png]
[amzoneinternational.com/php/images/Amzone-JV-Slider/3.jpg]
[amzoneinternational.com/php/images/hd/16.jpg]
[amzoneinternational.com/php/images/Amzone-JV-Slider/2.jpg]
[amzoneinternational.com/php/images/Amzone-JV-Slider/2.5.jpg]
[amzoneinternational.com/php/images/Amzone-JV-Slider/1.jpg]
[amzoneinternational.com/php/images/Amzone-JV-Slider/3.5.jpg]
[amzoneinternational.com/php/images/Amzone-JV-Slider/7.jpg]
[amzoneinternational.com/php/images/Amzone-JV-Slider/5.jpg]
[amzoneinternational.com/php/images/rope.jpg]
[amzoneinternational.com/php/images/liver.jpg]
[amzoneinternational.com/php/images/Products/klaas/pallet-1.jpg]
[amzoneinternational.com/php/images/SyntheticRopes.jpg]
[amzoneinternational.com/php/images/Products/Sockets/silverlinemain.jpg]
[amzoneinternational.com/php/images/Products/Sockets/webbing.jpg]
[amzoneinternational.com/php/images/logos/brands/Kiswire.jpg]
[amzoneinternational.com/php/images/logos/brands/tiger.jpg]
[amzoneinternational.com/php/images/logos/brands/dongyang.jpg]
[amzoneinternational.com/php/images/hd/hampidjan-logo.png]
[amzoneinternational.com/php/images/logos/brands/gunnebo.jpg]
[amzoneinternational.com/php/images/logos/brands/webblon.jpg]
[amzoneinternational.com/php/images/logos/brands/silverline1.jpg]
[amzoneinternational.com/php/images/logos/brands/mckat.jpg]
[amzoneinternational.com/php/images/logos/brands/klaas.jpg]
[amzoneinternational.com/php/images/logos/brands/Inspection.jpg]
[amzoneinternational.com/php/images/leea.png]
[amzoneinternational.com/php/images/awrf.png]
[amzoneinternational.com/php/images/impa.png]
[amzoneinternational.com/php/images/dac.png]
[amzoneinternational.com/php/images/shifserv.jpg]
[amzoneinternational.com/php/images/ohsas.png]
[amzoneinternational.com/php/images/iso.png]
[amzoneinternational.com/php/assets/js/jquery-1.8.2.min.js]
[amzoneinternational.com/php/assets/bootstrap/js/bootstrap.min.js]
[amzoneinternational.com/php/assets/js/scripts.js]
[amzoneinternational.com/php/themes/scripts/jquery-1.9.0.min.js]
[amzoneinternational.com/php/themes/jquery.nivo.slider.js]
[www.amzoneinternational.com/index.html]
[amzoneinternational.com/php/assets/bootstrap/css/bootstrap.css]
[amzoneinternational.com/php/assets/bootstrap/css/media1200.css]
[amzoneinternational.com/php/assets/bootstrap/css/media1300.css]
[amzoneinternational.com/php/assets/css/font-awesome.css]
[amzoneinternational.com/php/assets/img/logo.png]
[amzoneinternational.com/php/assets/img/social-icons/twitter.png]
[amzoneinternational.com/php/assets/img/social-icons/dribbble.png]
[amzoneinternational.com/php/assets/img/social-icons/rss.png]
[amzoneinternational.com/php/assets/img/social-icons/pinterest.png]
[amzoneinternational.com/php/assets/img/social-icons/flickr.png]
[amzoneinternational.com/php/assets/img/social-icons/forrst.png]
[amzoneinternational.com/php/assets/img/social-icons/vimeo.png]
[amzoneinternational.com/php/assets/img/social-icons/linkedin.png]
[amzoneinternational.com/php/assets/img/social-icons/facebook.png]
[amzoneinternational.com/php/assets/img/social-icons/email.png]
[amzoneinternational.com/php/assets/img/social-icons/github.png]
[amzoneinternational.com/php/assets/img/social-icons/behance.png]
[amzoneinternational.com/php/assets/img/social-icons/googleplus.png]
[amzoneinternational.com/php/assets/img/social-icons/youtube.png]
[amzoneinternational.com/php/assets/img/social-icons/skype.png]
[amzoneinternational.com/php/assets/img/social-icons/tumblr.png]
[amzoneinternational.com/php/assets/css/style.css]
[amzoneinternational.com/php/themes/default/loading.gif]
[amzoneinternational.com/php/themes/default/bullets.png]
[amzoneinternational.com/php/themes/default/arrows.png]
[amzoneinternational.com/php/themes/default/default.css]
[amzoneinternational.com/php/themes/light/loading.gif]
[amzoneinternational.com/php/themes/light/bullets.png]
[amzoneinternational.com/php/themes/light/arrows.png]
[amzoneinternational.com/php/themes/light/light.css]
[amzoneinternational.com/php/themes/dark/loading.gif]
[amzoneinternational.com/php/themes/dark/bullets.png]
[amzoneinternational.com/php/themes/dark/arrows.png]
[amzoneinternational.com/php/themes/dark/dark.css]
[amzoneinternational.com/php/themes/bar/loading.gif]
[amzoneinternational.com/php/themes/bar/bullets.png]
[amzoneinternational.com/php/themes/bar/bar.css]
[amzoneinternational.com/php/themes/slider.css]
[amzoneinternational.com/php/themes/style.html]
[amzoneinternational.com/php/assets/img/pattern.html]
[amzoneinternational.com/php/assets/img/line.html]
[online.starcrestmena.com/php/images/sling.jpg]
