[www.egtdubai.com/index.html]
[backblue.gif]
[fade.gif]
[index.html]
[www.egtdubai.com/mouseover.js]
[www.egtdubai.com/lib/jquery-1.4.2.min.js]
[www.egtdubai.com/lib/jquery.jcarousel.min.js]
[www.egtdubai.com/skins/tango/skin.css]
[www.egtdubai.com/gen_validatorv3.js]
[www.egtdubai.com/ga.js]
[www.egtdubai.com/js/html5.js]
[www.egtdubai.com/js/jquery-1.6.min.js]
[www.egtdubai.com/js/FF-cash.js]
[www.egtdubai.com/js/hoverIntent.js]
[www.egtdubai.com/js/superfish.js]
[www.egtdubai.com/js/cufon-yui.js]
[www.egtdubai.com/js/jquery.easing.1.3.js]
[www.egtdubai.com/js/tms-0.3.js]
[www.egtdubai.com/js/tms_presets.js]
[www.egtdubai.com/topbg.jpg]
[www.egtdubai.com/Emmanuel_General_Trading_Brochure.pdf]
[www.egtdubai.com/egtbrochure.gif]
[www.egtdubai.com/egt.gif]
[www.egtdubai.com/bgbar1.jpg]
[www.egtdubai.com/index-2.html]
[www.egtdubai.com/logo.jpg]
[www.egtdubai.com/rightbg.jpg]
[www.egtdubai.com/link1_.jpg]
[www.egtdubai.com/linkline.jpg]
[www.egtdubai.com/aboutus.html]
[www.egtdubai.com/link2.jpg]
[www.egtdubai.com/products.html]
[www.egtdubai.com/link3.jpg]
[www.egtdubai.com/contactus.html]
[www.egtdubai.com/link4.jpg]
[www.egtdubai.com/bg3.jpg]
[www.egtdubai.com/images/hbanner001.jpg]
[www.egtdubai.com/images/hbanner002.jpg]
[www.egtdubai.com/images/hbanner003.jpg]
[www.egtdubai.com/images/hbanner004.jpg]
[www.egtdubai.com/images/hbanner005.jpg]
[www.egtdubai.com/images/hbanner006.jpg]
[www.egtdubai.com/images/hbanner007.jpg]
[www.egtdubai.com/text1.png]
[www.egtdubai.com/text22.jpg]
[www.egtdubai.com/line1.gif]
[www.egtdubai.com/text3.jpg]
[www.egtdubai.com/bg1_.jpg]
[www.egtdubai.com/bg2_.jpg]
[www.egtdubai.com/middlebg.jpg]
[www.egtdubai.com/middlebotbg.png]
[www.egtdubai.com/heading1.gif]
[www.egtdubai.com/iimg1.jpg]
[www.egtdubai.com/dot.gif]
[www.egtdubai.com/b2.gif]
[www.egtdubai.com/head11.gif]
[www.egtdubai.com/manbg.jpg]
[www.egtdubai.com/iimg3.gif]
[www.egtdubai.com/iimg3text.gif]
[www.egtdubai.com/iimg4.gif]
[www.egtdubai.com/iimg4text.gif]
[www.egtdubai.com/formbg.png]
[www.egtdubai.com/iimg9.png]
[www.egtdubai.com/scrollhead.png]
[www.egtdubai.com/scrollbg.png]
[www.egtdubai.com/scrollleft.jpg]
[www.egtdubai.com/imageslider.js]
[www.egtdubai.com/imageslidercfg.js]
[www.egtdubai.com/scrollright.jpg]
[www.egtdubai.com/scrollbottom.jpg]
[www.egtdubai.com/hdottedline.gif]
[www.egtdubai.com/egtdubaialfaflex.pdf]
[www.egtdubai.com/downloadbutton.png]
[www.egtdubai.com/emmaflex_products.pdf]
[www.egtdubai.com/eaton_distributor_letter.pdf]
[www.egtdubai.com/vdottedline3.gif]
[www.egtdubai.com/petrolumhose.html]
[www.egtdubai.com/qlogo1.jpg]
[www.egtdubai.com/waterhose.html]
[www.egtdubai.com/steamhose.html]
[www.egtdubai.com/airhose.html]
[www.egtdubai.com/materialhose.html]
[www.egtdubai.com/sandblasthose.html]
[www.egtdubai.com/chemicalhose.html]
[www.egtdubai.com/foodhose.html]
[www.egtdubai.com/mudhose.html]
[www.egtdubai.com/vdottedline2.gif]
[www.egtdubai.com/hydrolichose1.html]
[www.egtdubai.com/emmaflexbottomlogo.jpg]
[www.egtdubai.com/hydrolichose2.html]
[www.egtdubai.com/hydrolichose3.html]
[www.egtdubai.com/hydrolichose4.html]
[www.egtdubai.com/hammerunion.html]
[www.egtdubai.com/windlassbottomlogo.jpg]
[www.egtdubai.com/ringjoint.html]
[www.egtdubai.com/flanges.html]
[www.egtdubai.com/swivel.html]
[www.egtdubai.com/pupjoints.html]
[www.egtdubai.com/heavyduty.html]
[www.egtdubai.com/qlogo2.jpg]
[www.egtdubai.com/springhose.html]
[www.egtdubai.com/pvcreinforced.html]
[www.egtdubai.com/hdottedline222.gif]
[www.egtdubai.com/hdottedline2.gif]
[www.egtdubai.com/product13.html]
[www.egtdubai.com/goodbottomlogo.jpg]
[www.egtdubai.com/product14.html]
[www.egtdubai.com/product15.html]
[www.egtdubai.com/product16.html]
[www.egtdubai.com/product17.html]
[www.egtdubai.com/product18.html]
[www.egtdubai.com/product19.html]
[www.egtdubai.com/vdottedline22.gif]
[www.egtdubai.com/product20.html]
[www.egtdubai.com/product21.html]
[www.egtdubai.com/product22.html]
[www.egtdubai.com/product23.html]
[www.egtdubai.com/product24.html]
[www.egtdubai.com/product25.html]
[www.egtdubai.com/product26.html]
[www.egtdubai.com/layflathose.html]
[www.egtdubai.com/ponaflexbottomlogo.jpg]
[www.egtdubai.com/ponaflat.html]
[www.egtdubai.com/hydroflat.html]
[www.egtdubai.com/aqualinerheavy.html]
[www.egtdubai.com/aqualinerus.html]
[www.egtdubai.com/product12.html]
[www.egtdubai.com/aerobottomlogo.jpg]
[www.egtdubai.com/product8.html]
[www.egtdubai.com/qlogo5.jpg]
[www.egtdubai.com/product9.html]
[www.egtdubai.com/qlogo7.jpg]
[www.egtdubai.com/product10.html]
[www.egtdubai.com/qlogo8.jpg]
[www.egtdubai.com/ddcoupling.html]
[www.egtdubai.com/manntekbottomlogo.jpg]
[www.egtdubai.com/dgcoupling.html]
[www.egtdubai.com/sbcoupling.html]
[www.egtdubai.com/product11.html]
[www.egtdubai.com/qlogo9a.jpg]
[www.egtdubai.com/qlogo9c.jpg]
[www.egtdubai.com/product7.html]
[www.egtdubai.com/qlogo3.jpg]
[www.egtdubai.com/index.html]
[www.egtdubai.com/b1.gif]
[www.egtdubai.com/sendbutton.gif]
[www.egtdubai.com/style.css]
[www.egtdubai.com/lib/jquery-1.4.2.min.html]
[www.egtdubai.com/lib/jquery.jcarousel.min.html]
[www.egtdubai.com/skins/tango/skin.html]
[www.egtdubai.com/ga.html]
[www.egtdubai.com/css/reset.css]
[www.egtdubai.com/images/logo.png]
[www.egtdubai.com/images/button3.jpg]
[www.egtdubai.com/images/button4.gif]
[www.egtdubai.com/css/style.css]
[www.egtdubai.com/css/grid.css]
[www.egtdubai.com/images/arrows-ffffff.png]
[www.egtdubai.com/css/superfish-menu.css]
[www.egtdubai.com/index-2.html]
[www.egtdubai.com/link1.jpg]
[www.egtdubai.com/link2_.jpg]
[www.egtdubai.com/images/egt_aboutus.jpg]
[www.egtdubai.com/img1.jpg]
[www.egtdubai.com/img2.jpg]
[www.egtdubai.com/aboutus.html]
[www.egtdubai.com/link3_.jpg]
[www.egtdubai.com/images/egt_products.jpg]
[www.egtdubai.com/heading2.gif]
[www.egtdubai.com/pdot.gif]
[www.egtdubai.com/pheading1.gif]
[www.egtdubai.com/plogo1.gif]
[www.egtdubai.com/triangle.gif]
[www.egtdubai.com/subhead1.gif]
[www.egtdubai.com/subhead2.gif]
[www.egtdubai.com/subhead3.gif]
[www.egtdubai.com/subhead4.gif]
[www.egtdubai.com/subhead5.gif]
[www.egtdubai.com/subhead6.gif]
[www.egtdubai.com/subhead7.gif]
[www.egtdubai.com/subhead8.gif]
[www.egtdubai.com/mudhose_subhead.gif]
[www.egtdubai.com/aeroequiplogosmall.jpg]
[www.egtdubai.com/product120.html]
[www.egtdubai.com/pheading_windlass.gif]
[www.egtdubai.com/plogo_windlass.gif]
[www.egtdubai.com/subhead_windlassa.gif]
[www.egtdubai.com/subhead_windlassb.gif]
[www.egtdubai.com/subhead_windlassc.gif]
[www.egtdubai.com/subhead_windlassd.gif]
[www.egtdubai.com/subhead_windlasse.gif]
[www.egtdubai.com/plogo_goodrich.gif]
[www.egtdubai.com/pheading6.gif]
[www.egtdubai.com/plogo6.gif]
[www.egtdubai.com/subhead_layflat.gif]
[www.egtdubai.com/subhead_ponaflexa.gif]
[www.egtdubai.com/subhead_ponaflexb.gif]
[www.egtdubai.com/subhead_ponaflexc.gif]
[www.egtdubai.com/subhead_ponaflexd.gif]
[www.egtdubai.com/pheading4.gif]
[www.egtdubai.com/plogo4.jpg]
[www.egtdubai.com/subhead_emmaflexa.gif]
[www.egtdubai.com/subhead_emmaflexb.gif]
[www.egtdubai.com/subhead_emmaflexc.gif]
[www.egtdubai.com/subhead_emmaflexd.gif]
[www.egtdubai.com/pheading_manntek.gif]
[www.egtdubai.com/plogo_manntek.gif]
[www.egtdubai.com/subhead_mannteka.gif]
[www.egtdubai.com/subhead_manntekb.gif]
[www.egtdubai.com/subhead_manntekc.gif]
[www.egtdubai.com/pheading2.gif]
[www.egtdubai.com/plogo2.gif]
[www.egtdubai.com/subhead_klasflexa.gif]
[www.egtdubai.com/subhead_klasflexc.gif]
[www.egtdubai.com/subhead_klasflexb.gif]
[www.egtdubai.com/pheading3.gif]
[www.egtdubai.com/plogo3.gif]
[www.egtdubai.com/pheading5.gif]
[www.egtdubai.com/plogo55.gif]
[www.egtdubai.com/pheading7.gif]
[www.egtdubai.com/plogo7.gif]
[www.egtdubai.com/pheading8.gif]
[www.egtdubai.com/plogo8.gif]
[www.egtdubai.com/pheading9.gif]
[www.egtdubai.com/plogo9.gif]
[www.egtdubai.com/products.html]
[www.egtdubai.com/css/lightbox.css]
[www.egtdubai.com/js/prototype.js]
[www.egtdubai.com/js/scriptaculousb395.js]
[www.egtdubai.com/js/lightbox.js]
[www.egtdubai.com/stmenu.js]
[www.egtdubai.com/link4_.jpg]
[www.egtdubai.com/images/egt_contact.jpg]
[www.egtdubai.com/contactus.gif]
[www.egtdubai.com/map.jpg]
[www.egtdubai.com/CaptchaSecurityImagesd218.jpg]
[www.egtdubai.com/contactus.html]
[www.egtdubai.com/imageslider.css]
[www.egtdubai.com/egtdubaialfaflex.html]
[www.egtdubai.com/images/pt1.jpg]
[www.egtdubai.com/images/pt2.jpg]
[www.egtdubai.com/images/pt3.jpg]
[www.egtdubai.com/images/pt4.jpg]
[www.egtdubai.com/heading3.gif]
[www.egtdubai.com/pro1.jpg]
[www.egtdubai.com/graybg.gif]
[www.egtdubai.com/bgline.gif]
[www.egtdubai.com/pro2.jpg]
[www.egtdubai.com/pro3.jpg]
[www.egtdubai.com/pro4.jpg]
[www.egtdubai.com/linkimg.gif]
[www.egtdubai.com/petrolumhose.html]
[www.egtdubai.com/images/w1.jpg]
[www.egtdubai.com/images/w2.jpg]
[www.egtdubai.com/images/w3.jpg]
[www.egtdubai.com/heading4.gif]
[www.egtdubai.com/pro5.jpg]
[www.egtdubai.com/pro6.jpg]
[www.egtdubai.com/pro7.jpg]
[www.egtdubai.com/waterhose.html]
[www.egtdubai.com/images/af_steam_01.jpg]
[www.egtdubai.com/heading5.gif]
[www.egtdubai.com/pro8.jpg]
[www.egtdubai.com/steamhose.html]
[www.egtdubai.com/images/air1.jpg]
[www.egtdubai.com/images/air2.jpg]
[www.egtdubai.com/images/air3.jpg]
[www.egtdubai.com/heading6.gif]
[www.egtdubai.com/pro9.jpg]
[www.egtdubai.com/pro10.jpg]
[www.egtdubai.com/pro11.jpg]
[www.egtdubai.com/airhose.html]
[www.egtdubai.com/images/material1.jpg]
[www.egtdubai.com/images/material2.jpg]
[www.egtdubai.com/heading7.gif]
[www.egtdubai.com/pro13a.jpg]
[www.egtdubai.com/pro13b.jpg]
[www.egtdubai.com/materialhose.html]
[www.egtdubai.com/images/sandblast1.jpg]
[www.egtdubai.com/heading8.gif]
[www.egtdubai.com/pro14.jpg]
[www.egtdubai.com/sandblasthose.html]
[www.egtdubai.com/images/chemical1.jpg]
[www.egtdubai.com/heading9.gif]
[www.egtdubai.com/pro15.jpg]
[www.egtdubai.com/chemicalhose.html]
[www.egtdubai.com/images/food1.jpg]
[www.egtdubai.com/images/food2.jpg]
[www.egtdubai.com/heading10.gif]
[www.egtdubai.com/pro16.jpg]
[www.egtdubai.com/pro17.jpg]
[www.egtdubai.com/foodhose.html]
[www.egtdubai.com/images/af_mud_02.jpg]
[www.egtdubai.com/mudhoseheading.gif]
[www.egtdubai.com/mud01.jpg]
[www.egtdubai.com/mudhose.html]
[www.egtdubai.com/images/emmaflex-01.jpg]
[www.egtdubai.com/emmaflexhead1.gif]
[www.egtdubai.com/emmafleximg1.jpg]
[www.egtdubai.com/graybg1.gif]
[www.egtdubai.com/hydrolichose1.html]
[www.egtdubai.com/images/emmaflex-02.jpg]
[www.egtdubai.com/emmaflexhead2.gif]
[www.egtdubai.com/emmafleximg2.jpg]
[www.egtdubai.com/hydrolichose2.html]
[www.egtdubai.com/images/emmaflex-03.jpg]
[www.egtdubai.com/emmaflexhead3.gif]
[www.egtdubai.com/emmafleximg3.jpg]
[www.egtdubai.com/hydrolichose3.html]
[www.egtdubai.com/images/emmaflex-04.jpg]
[www.egtdubai.com/emmaflexhead4.gif]
[www.egtdubai.com/emmafleximg4.jpg]
[www.egtdubai.com/hydrolichose4.html]
[www.egtdubai.com/images/windlass_01.jpg]
[www.egtdubai.com/windlassheadinga.gif]
[www.egtdubai.com/windlasslogo.jpg]
[www.egtdubai.com/bdot.jpg]
[www.egtdubai.com/windlass_img1.jpg]
[www.egtdubai.com/windlass_img2.jpg]
[www.egtdubai.com/windlass_img3.jpg]
[www.egtdubai.com/icon1.gif]
[www.egtdubai.com/ham1.gif]
[www.egtdubai.com/icon2.gif]
[www.egtdubai.com/ham2.gif]
[www.egtdubai.com/icon3.gif]
[www.egtdubai.com/ham3.gif]
[www.egtdubai.com/icon5.gif]
[www.egtdubai.com/ham5.gif]
[www.egtdubai.com/icon6.gif]
[www.egtdubai.com/ham6.gif]
[www.egtdubai.com/icon7.gif]
[www.egtdubai.com/icon8.gif]
[www.egtdubai.com/ham7.gif]
[www.egtdubai.com/icon9.gif]
[www.egtdubai.com/ham8.gif]
[www.egtdubai.com/icon10.gif]
[www.egtdubai.com/ham9.gif]
[www.egtdubai.com/icon11.gif]
[www.egtdubai.com/ham10.gif]
[www.egtdubai.com/icon12.gif]
[www.egtdubai.com/ham11.gif]
[www.egtdubai.com/hammerunion.html]
[www.egtdubai.com/images/windlass_02.jpg]
[www.egtdubai.com/windlassheadingb.gif]
[www.egtdubai.com/ringjointimg1.jpg]
[www.egtdubai.com/ringjoint.html]
[www.egtdubai.com/images/windlass_03.jpg]
[www.egtdubai.com/windlassheadingc.gif]
[www.egtdubai.com/flangesimg1.jpg]
[www.egtdubai.com/flangesimg2.jpg]
[www.egtdubai.com/flangesimg3.jpg]
[www.egtdubai.com/flanges.html]
[www.egtdubai.com/images/windlass_04.jpg]
[www.egtdubai.com/windlassheadingd.gif]
[www.egtdubai.com/swivelimg1.jpg]
[www.egtdubai.com/right.gif]
[www.egtdubai.com/right1.gif]
[www.egtdubai.com/swivel.html]
[www.egtdubai.com/images/windlass_05.jpg]
[www.egtdubai.com/windlassheadinge.gif]
[www.egtdubai.com/pupjointsimg1.jpg]
[www.egtdubai.com/pupjoints.html]
[www.egtdubai.com/images/klasflex_01.jpg]
[www.egtdubai.com/heavydutyheading.gif]
[www.egtdubai.com/shade_plogo2.jpg]
[www.egtdubai.com/heavydutyimg1.jpg]
[www.egtdubai.com/springhoseimg2.jpg]
[www.egtdubai.com/springhoseimg3.jpg]
[www.egtdubai.com/springimg4.jpg]
[www.egtdubai.com/springimg5.jpg]
[www.egtdubai.com/heavyduty.html]
[www.egtdubai.com/images/klasflex_02.jpg]
[www.egtdubai.com/springhosepheading.gif]
[www.egtdubai.com/springhoseimg1.jpg]
[www.egtdubai.com/springimg6.jpg]
[www.egtdubai.com/springhose.html]
[www.egtdubai.com/images/klasflex_03.jpg]
[www.egtdubai.com/pvcheading1.gif]
[www.egtdubai.com/pvcreinforced.html]
[www.egtdubai.com/goodrich.jpg]
[www.egtdubai.com/jointgasket.jpg]
[www.egtdubai.com/product13.html]
[www.egtdubai.com/spiral1.jpg]
[www.egtdubai.com/spiral2.jpg]
[www.egtdubai.com/spiral3.jpg]
[www.egtdubai.com/product14.html]
[www.egtdubai.com/double.jpg]
[www.egtdubai.com/product15.html]
[www.egtdubai.com/kamm.jpg]
[www.egtdubai.com/product16.html]
[www.egtdubai.com/tanged.jpg]
[www.egtdubai.com/product17.html]
[www.egtdubai.com/flange1.jpg]
[www.egtdubai.com/flange2.jpg]
[www.egtdubai.com/product18.html]
[www.egtdubai.com/grphite.jpg]
[www.egtdubai.com/product19.html]
[www.egtdubai.com/precision.jpg]
[www.egtdubai.com/product20.html]
[www.egtdubai.com/sheets.jpg]
[www.egtdubai.com/product21.html]
[www.egtdubai.com/rings.jpg]
[www.egtdubai.com/product22.html]
[www.egtdubai.com/mono.jpg]
[www.egtdubai.com/product23.html]
[www.egtdubai.com/ptfe.jpg]
[www.egtdubai.com/product24.html]
[www.egtdubai.com/nut.jpg]
[www.egtdubai.com/product25.html]
[www.egtdubai.com/rope1.jpg]
[www.egtdubai.com/product26.html]
[www.egtdubai.com/images/ponaflex_a.jpg]
[www.egtdubai.com/layflathead.gif]
[www.egtdubai.com/shade_plogo6.jpg]
[www.egtdubai.com/layflatimg1.jpg]
[www.egtdubai.com/layflathose.html]
[www.egtdubai.com/images/ponaflex_02.jpg]
[www.egtdubai.com/ponaflatheading.gif]
[www.egtdubai.com/ponaflatimg1.jpg]
[www.egtdubai.com/ponaflat.html]
[www.egtdubai.com/images/ponaflex_03.jpg]
[www.egtdubai.com/hydroflatheading.gif]
[www.egtdubai.com/hydroflatimg1.jpg]
[www.egtdubai.com/hydroflat.html]
[www.egtdubai.com/images/ponaflex_04.jpg]
[www.egtdubai.com/aqualinerheading1.gif]
[www.egtdubai.com/aqualinerimg1.jpg]
[www.egtdubai.com/aqualinerheavy.html]
[www.egtdubai.com/images/ponaflex_05.jpg]
[www.egtdubai.com/aqualinerheading2.gif]
[www.egtdubai.com/aqualinerusimg1.jpg]
[www.egtdubai.com/aqualinerus.html]
[www.egtdubai.com/images/product12.jpg]
[www.egtdubai.com/aeroequiplogoshade.jpg]
[www.egtdubai.com/connectors.jpg]
[www.egtdubai.com/fittingspic.jpg]
[www.egtdubai.com/hydraulichosepic.jpg]
[www.egtdubai.com/hoseassemblypic.jpg]
[www.egtdubai.com/product12.html]
[www.egtdubai.com/images/goodall-01.jpg]
[www.egtdubai.com/heading14.gif]
[www.egtdubai.com/shade_plogo5.jpg]
[www.egtdubai.com/pro21.jpg]
[www.egtdubai.com/pro22.jpg]
[www.egtdubai.com/product8.html]
[www.egtdubai.com/images/trelleborg-01.jpg]
[www.egtdubai.com/heading16.gif]
[www.egtdubai.com/shade_plogo7.jpg]
[www.egtdubai.com/pro24.jpg]
[www.egtdubai.com/product9.html]
[www.egtdubai.com/images/flexonics_01.jpg]
[www.egtdubai.com/heading17.gif]
[www.egtdubai.com/shade_plogo8.jpg]
[www.egtdubai.com/pro25.jpg]
[www.egtdubai.com/product10.html]
[www.egtdubai.com/images/manntek_01.jpg]
[www.egtdubai.com/mantekheading1.gif]
[www.egtdubai.com/shade_plogomantek.jpg]
[www.egtdubai.com/ddcimg1.jpg]
[www.egtdubai.com/ddcimg2.jpg]
[www.egtdubai.com/ddcimg3.jpg]
[www.egtdubai.com/ddcimg4.jpg]
[www.egtdubai.com/ddcimg5.jpg]
[www.egtdubai.com/ddcimg66.jpg]
[www.egtdubai.com/ddcimg77.jpg]
[www.egtdubai.com/ddcimg8.jpg]
[www.egtdubai.com/ddcimg9.jpg]
[www.egtdubai.com/ddcimg10.jpg]
[www.egtdubai.com/ddcimg11.jpg]
[www.egtdubai.com/ddcoupling.html]
[www.egtdubai.com/images/manntek_02.jpg]
[www.egtdubai.com/mantekheading2.gif]
[www.egtdubai.com/dgcouplingimg3.jpg]
[www.egtdubai.com/dgcouplingimg4.jpg]
[www.egtdubai.com/dgcouplingimg5.jpg]
[www.egtdubai.com/dgcouplingimg6.jpg]
[www.egtdubai.com/dgcouplingimg7.jpg]
[www.egtdubai.com/bgline1.gif]
[www.egtdubai.com/dgcouplingimg8.jpg]
[www.egtdubai.com/dgcouplingimg9.jpg]
[www.egtdubai.com/dgcouplingimg10.jpg]
[www.egtdubai.com/dgcouplingimg11.jpg]
[www.egtdubai.com/dgcouplingimg12.jpg]
[www.egtdubai.com/dgcouplingimg13.jpg]
[www.egtdubai.com/dgcouplingimg14.jpg]
[www.egtdubai.com/dgcouplingimg15.jpg]
[www.egtdubai.com/dgcouplingimg16a.jpg]
[www.egtdubai.com/dgcouplingimg16b.jpg]
[www.egtdubai.com/dgcouplingimg17.jpg]
[www.egtdubai.com/dgcouplingimg18.jpg]
[www.egtdubai.com/dgcouplingimg19.jpg]
[www.egtdubai.com/dgcouplingimg20.jpg]
[www.egtdubai.com/dgcouplingimg21.jpg]
[www.egtdubai.com/dgcouplingimg22.jpg]
[www.egtdubai.com/dgcouplingimg23.jpg]
[www.egtdubai.com/dgcouplingimg24.jpg]
[www.egtdubai.com/dgcoupling.html]
[www.egtdubai.com/images/manntek_03.jpg]
[www.egtdubai.com/mantekheading3.gif]
[www.egtdubai.com/sbcouplingimg1.jpg]
[www.egtdubai.com/sbcouplingimg2.jpg]
[www.egtdubai.com/sbcoupling.html]
[www.egtdubai.com/images/other.jpg]
[www.egtdubai.com/heading18.gif]
[www.egtdubai.com/pro26.jpg]
[www.egtdubai.com/egt_otherproducts_01.jpg]
[www.egtdubai.com/shade_plogo9b.jpg]
[www.egtdubai.com/pro28.jpg]
[www.egtdubai.com/pro27.jpg]
[www.egtdubai.com/product11.html]
[www.egtdubai.com/images/america.jpg]
[www.egtdubai.com/heading12.gif]
[www.egtdubai.com/shade_plogo3.jpg]
[www.egtdubai.com/pro19.jpg]
[www.egtdubai.com/product7.html]
[www.egtdubai.com/sendbutton.html]
[www.egtdubai.com/images/logo.html]
[www.egtdubai.com/images/button3.html]
[www.egtdubai.com/images/button4.html]
[www.egtdubai.com/images/arrows-ffffff.html]
[www.egtdubai.com/eaton1.jpg]
[www.egtdubai.com/eaton2.jpg]
[www.egtdubai.com/eaton3.jpg]
[www.egtdubai.com/eaton4.jpg]
[www.egtdubai.com/eaton5.jpg]
[www.egtdubai.com/eaton6.jpg]
[www.egtdubai.com/eaton7.jpg]
[www.egtdubai.com/eaton8.jpg]
[www.egtdubai.com/eaton9.jpg]
[www.egtdubai.com/eaton10.jpg]
[www.egtdubai.com/eaton11.jpg]
[www.egtdubai.com/eaton12.jpg]
[www.egtdubai.com/eaton13.jpg]
[www.egtdubai.com/eaton14.jpg]
[www.egtdubai.com/eaton15.jpg]
[www.egtdubai.com/product120.html]
[www.egtdubai.com/css/lightbox.html]
[www.egtdubai.com/js/prototype.html]
[www.egtdubai.com/js/scriptaculousb395.html]
[www.egtdubai.com/js/lightbox.html]
[www.egtdubai.com/stmenu.html]
